<?xml version="1.0" encoding="UTF-8"?>
<testsuites name="jest tests" tests="2" failures="0" time="2.961">
  <testsuite name="isUndef" errors="0" failures="0" skipped="0" timestamp="2020-06-13T11:22:53" time="2.152" tests="2">
    <testcase classname="isUndef  &quot;&quot; " name="isUndef  &quot;&quot; " time="0.002">
    </testcase>
    <testcase classname="isUndef Careteen" name="isUndef Careteen" time="0">
    </testcase>
  </testsuite>
</testsuites>